Timer_Interrupt.h:30:6:Initial_TIM_ITR_Node	16	static
Timer_Interrupt.h:37:6:Add_TIM_ITR_Node	24	static
Timer_Interrupt.h:84:15:HandleFlagOn_TIM_ITR_Node	24	static
Timer_Interrupt.h:98:6:RunTime	16	static
Timer_Interrupt.h:105:9:TIM_CheckAndClear	24	static
main.c:68:6:display7SEG	16	static
main.c:167:6:update7SEG	16	static
main.c:196:6:HAL_TIM_PeriodElapsedCallback	16	static
main.c:271:5:main	8	static
main.c:331:6:SystemClock_Config	72	static
main.c:367:13:MX_TIM2_Init	32	static
main.c:412:13:MX_GPIO_Init	40	static
main.c:458:6:Error_Handler	4	static,ignoring_inline_asm
