21:01:54 **** Build of configuration Debug for project Led_Animation_Ex5 ****
make -j16 all 
arm-none-eabi-gcc "../Core/Src/main.c" -mcpu=cortex-m3 -std=gnu11 -g3 -DDEBUG -DUSE_HAL_DRIVER -DSTM32F103x6 -c -I../Core/Inc -I../Drivers/STM32F1xx_HAL_Driver/Inc -I../Drivers/STM32F1xx_HAL_Driver/Inc/Legacy -I../Drivers/CMSIS/Device/ST/STM32F1xx/Include -I../Drivers/CMSIS/Include -O0 -ffunction-sections -fdata-sections -Wall -fstack-usage -MMD -MP -MF"Core/Src/main.d" -MT"Core/Src/main.o" --specs=nano.specs -mfloat-abi=soft -mthumb -o "Core/Src/main.o"
arm-none-eabi-gcc -o "Led_Animation_Ex5.elf" @"objects.list"   -mcpu=cortex-m3 -T"D:\CACMONDAICUONG(1)\HK251\VXL_VDK\LAB\lab1_LED\Led_Animation_Ex5\STM32F103C6UX_FLASH.ld" --specs=nosys.specs -Wl,-Map="Led_Animation_Ex5.map" -Wl,--gc-sections -static --specs=nano.specs -mfloat-abi=soft -mthumb -Wl,--start-group -lc -lm -Wl,--end-group
Finished building target: Led_Animation_Ex5.elf
 
arm-none-eabi-size   Led_Animation_Ex5.elf 
arm-none-eabi-objdump -h -S  Led_Animation_Ex5.elf  > "Led_Animation_Ex5.list"
arm-none-eabi-objcopy  -O ihex  Led_Animation_Ex5.elf  "Led_Animation_Ex5.hex"
arm-none-eabi-objcopy  -O binary  Led_Animation_Ex5.elf  "Led_Animation_Ex5.bin"
   text	   data	    bss	    dec	    hex	filename
   5500	     20	   1580	   7100	   1bbc	Led_Animation_Ex5.elf
Finished building: default.size.stdout
 
Finished building: Led_Animation_Ex5.list
 
Finished building: Led_Animation_Ex5.bin
Finished building: Led_Animation_Ex5.hex
 
 

21:01:57 Build Finished. 0 errors, 0 warnings. (took 2s.700ms)

