09:11:05 **** Incremental Build of configuration Debug for project Timer_Interupt_Ex1 ****
make -j16 all 
arm-none-eabi-gcc -o "Timer_Interupt_Ex1.elf" @"objects.list"   -mcpu=cortex-m3 -T"D:\CACMONDAICUONG(1)\HK251\VXL_VDK\LAB\lab2_TIMER\Timer_Interupt_Ex1\STM32F103C6UX_FLASH.ld" --specs=nosys.specs -Wl,-Map="Timer_Interupt_Ex1.map" -Wl,--gc-sections -static --specs=nano.specs -mfloat-abi=soft -mthumb -Wl,--start-group -lc -lm -Wl,--end-group
Finished building target: Timer_Interupt_Ex1.elf
 
arm-none-eabi-size   Timer_Interupt_Ex1.elf 
arm-none-eabi-objdump -h -S  Timer_Interupt_Ex1.elf  > "Timer_Interupt_Ex1.list"
arm-none-eabi-objcopy  -O ihex  Timer_Interupt_Ex1.elf  "Timer_Interupt_Ex1.hex"
   text	   data	    bss	    dec	    hex	filename
   7308	     20	   1644	   8972	   230c	Timer_Interupt_Ex1.elf
arm-none-eabi-objcopy  -O binary  Timer_Interupt_Ex1.elf  "Timer_Interupt_Ex1.bin"
Finished building: default.size.stdout
 
Finished building: Timer_Interupt_Ex1.hex
Finished building: Timer_Interupt_Ex1.bin
 
 
Finished building: Timer_Interupt_Ex1.list
 

09:11:06 Build Finished. 0 errors, 0 warnings. (took 335ms)

